// Jest Snapshot v1, https://goo.gl/fbAQLP

exports[`components/PrivateRoute rendering matches snapshot 1`] = `
<Route
  component={[Function]}
/>
`;

exports[`components/PrivateRoute rendering matches snapshot 2`] = `
<Redirect
  push={false}
  to="/login"
/>
`;

exports[`components/PrivateRoute rendering matches snapshot 3`] = `
<Route
  component={[Function]}
/>
`;
