// Jest Snapshot v1, https://goo.gl/fbAQLP

exports[`Pages/Login rendering matches snapshot 1`] = `
<WithStyles(Typography)
  type="body1"
>
  Login
</WithStyles(Typography)>
`;
