// Jest Snapshot v1, https://goo.gl/fbAQLP

exports[`components/Typography/Heading rendering matches snapshot 1`] = `<Heading />`;

exports[`components/Typography/Heading rendering matches snapshot 2`] = `
<Heading>
  Hello World
</Heading>
`;
