// Jest Snapshot v1, https://goo.gl/fbAQLP

exports[`components/Typography/P rendering matches snapshot 1`] = `<P />`;

exports[`components/Typography/P rendering matches snapshot 2`] = `
<P>
  Hello World
</P>
`;
