// Jest Snapshot v1, https://goo.gl/fbAQLP

exports[`routes Pages/Admin/Branches matches snapshot 1`] = `
<React.Fragment>
  Branches
</React.Fragment>
`;
