// Jest Snapshot v1, https://goo.gl/fbAQLP

exports[`routes Pages/Admin/Overview matches snapshot 1`] = `
<React.Fragment>
  Overview
</React.Fragment>
`;
